{
  "version": "1.5.0",
  "plugins_used": [
    {
      "name": "ArtifactoryDetector"
    },
    {
      "name": "AWSKeyDetector"
    },
    {
      "name": "AzureStorageKeyDetector"
    },
    {
      "name": "Base64HighEntropyString",
      "limit": 4.5
    },
    {
      "name": "BasicAuthDetector"
    },
    {
      "name": "CloudantDetector"
    },
    {
      "name": "DiscordBotTokenDetector"
    },
    {
      "name": "GitHubTokenDetector"
    },
    {
      "name": "GitLabTokenDetector"
    },
    {
      "name": "HexHighEntropyString",
      "limit": 3.0
    },
    {
      "name": "IbmCloudIamDetector"
    },
    {
      "name": "IbmCosHmacDetector"
    },
    {
      "name": "IPPublicDetector"
    },
    {
      "name": "JwtTokenDetector"
    },
    {
      "name": "KeywordDetector",
      "keyword_exclude": ""
    },
    {
      "name": "MailchimpDetector"
    },
    {
      "name": "NpmDetector"
    },
    {
      "name": "OpenAIDetector"
    },
    {
      "name": "PrivateKeyDetector"
    },
    {
      "name": "PypiTokenDetector"
    },
    {
      "name": "SendGridDetector"
    },
    {
      "name": "SlackDetector"
    },
    {
      "name": "SoftlayerDetector"
    },
    {
      "name": "SquareOAuthDetector"
    },
    {
      "name": "StripeDetector"
    },
    {
      "name": "TelegramBotTokenDetector"
    },
    {
      "name": "TwilioKeyDetector"
    }
  ],
  "filters_used": [
    {
      "path": "detect_secrets.filters.allowlist.is_line_allowlisted"
    },
    {
      "path": "detect_secrets.filters.common.is_ignored_due_to_verification_policies",
      "min_level": 2
    },
    {
      "path": "detect_secrets.filters.heuristic.is_indirect_reference"
    },
    {
      "path": "detect_secrets.filters.heuristic.is_likely_id_string"
    },
    {
      "path": "detect_secrets.filters.heuristic.is_lock_file"
    },
    {
      "path": "detect_secrets.filters.heuristic.is_not_alphanumeric_string"
    },
    {
      "path": "detect_secrets.filters.heuristic.is_potential_uuid"
    },
    {
      "path": "detect_secrets.filters.heuristic.is_prefixed_with_dollar_sign"
    },
    {
      "path": "detect_secrets.filters.heuristic.is_sequential_string"
    },
    {
      "path": "detect_secrets.filters.heuristic.is_swagger_file"
    },
    {
      "path": "detect_secrets.filters.heuristic.is_templated_secret"
    },
    {
      "path": "detect_secrets.filters.regex.should_exclude_file",
      "pattern": [
        "^(\\.secrets\\..*baseline|tests/.*\\.(csv|json))$"
      ]
    }
  ],
  "results": {
    ".github/workflows/vendored-vectors.yml": [
      {
        "type": "Hex High Entropy String",
        "filename": ".github/workflows/vendored-vectors.yml",
        "hashed_secret": "b54892c91923d2d62bf3aa8a4ed5642107534126",
        "is_verified": false
      },
      {
        "type": "Hex High Entropy String",
        "filename": ".github/workflows/vendored-vectors.yml",
        "hashed_secret": "3cdb1111ce86f1cb9513de6db33974671c28352e",
        "is_verified": false
      }
    ],
    "README.md": [
      {
        "type": "Secret Keyword",
        "filename": "README.md",
        "hashed_secret": "d4f74e9aa044710fbc03f018f5babea8c97cd8b5",
        "is_verified": false
      }
    ],
    "scripts/cffi_build.py": [
      {
        "type": "Base64 High Entropy String",
        "filename": "scripts/cffi_build.py",
        "hashed_secret": "9d8c445671f8c7fb72e1cab426822fdae46ad55f",
        "is_verified": false
      }
    ],
    "src/btclib_secp256k1/hashes.py": [
      {
        "type": "Hex High Entropy String",
        "filename": "src/btclib_secp256k1/hashes.py",
        "hashed_secret": "a608d88cb7e04b46b5e44fa00bb7c01b7748e6f0",
        "is_verified": false
      }
    ],
    "tests/keys_test.py": [
      {
        "type": "Hex High Entropy String",
        "filename": "tests/keys_test.py",
        "hashed_secret": "1ca7070af97c241308c852cf0d57aae03b700331",
        "is_verified": false
      },
      {
        "type": "Hex High Entropy String",
        "filename": "tests/keys_test.py",
        "hashed_secret": "558a75beb0a48857bb01a142c133f4bc1fc9755a",
        "is_verified": false
      }
    ],
    "tests/properties_test.py": [
      {
        "type": "Hex High Entropy String",
        "filename": "tests/properties_test.py",
        "hashed_secret": "67b4b9307479073a3e9797a99768940b2453c020",
        "is_verified": false
      },
      {
        "type": "Hex High Entropy String",
        "filename": "tests/properties_test.py",
        "hashed_secret": "76ed68aa5911f79369040d91fc6ed9119bc7f53a",
        "is_verified": false
      },
      {
        "type": "Hex High Entropy String",
        "filename": "tests/properties_test.py",
        "hashed_secret": "e02075c6d67aaf9bfe9fcdfa662665b12bc79dcd",
        "is_verified": false
      }
    ],
    "tests/submodule_pin_test.py": [
      {
        "type": "Hex High Entropy String",
        "filename": "tests/submodule_pin_test.py",
        "hashed_secret": "4a6048a42a12da6f4a4c7d080b4bf892f8bbdba2",
        "is_verified": false
      },
      {
        "type": "Hex High Entropy String",
        "filename": "tests/submodule_pin_test.py",
        "hashed_secret": "1ecb97dd82fe44dee912a7542f20de2af6c2e8fb",
        "is_verified": false
      },
      {
        "type": "Hex High Entropy String",
        "filename": "tests/submodule_pin_test.py",
        "hashed_secret": "d7350651d83bc112108574de5e6ef2862c5600d5",
        "is_verified": false
      }
    ],
    "tests/vectors_test.py": [
      {
        "type": "Hex High Entropy String",
        "filename": "tests/vectors_test.py",
        "hashed_secret": "cc61d1104ad450dc4193b6e41e320e19955f9ea6",
        "is_verified": false
      },
      {
        "type": "Hex High Entropy String",
        "filename": "tests/vectors_test.py",
        "hashed_secret": "37a72e39051000f5f1eba00826330c714f341a05",
        "is_verified": false
      },
      {
        "type": "Hex High Entropy String",
        "filename": "tests/vectors_test.py",
        "hashed_secret": "0ba0efc5b628c2a18da941dfd1923c72422f2fcc",
        "is_verified": false
      },
      {
        "type": "Hex High Entropy String",
        "filename": "tests/vectors_test.py",
        "hashed_secret": "9fccb042eed80dd815e7e8a14af39b4bdd92733e",
        "is_verified": false
      },
      {
        "type": "Hex High Entropy String",
        "filename": "tests/vectors_test.py",
        "hashed_secret": "f404f2833a0ae883be3332be3b8a0e1b0d3450c3",
        "is_verified": false
      },
      {
        "type": "Hex High Entropy String",
        "filename": "tests/vectors_test.py",
        "hashed_secret": "fa5a6981207a6417f5b83e184d80b8f39c870574",
        "is_verified": false
      },
      {
        "type": "Hex High Entropy String",
        "filename": "tests/vectors_test.py",
        "hashed_secret": "8acb7bfdfb828b2981e1c79a2fd3a6b8f55e132c",
        "is_verified": false
      },
      {
        "type": "Hex High Entropy String",
        "filename": "tests/vectors_test.py",
        "hashed_secret": "2c928eda2e4e4ee046bb63668c794662ab4f19f6",
        "is_verified": false
      },
      {
        "type": "Hex High Entropy String",
        "filename": "tests/vectors_test.py",
        "hashed_secret": "bfb3ad9bf828aad801958fe1dc5ae41facebd8da",
        "is_verified": false
      },
      {
        "type": "Hex High Entropy String",
        "filename": "tests/vectors_test.py",
        "hashed_secret": "a5093f5f073d9b7f6dafdf9a567bb20e5a7f7bee",
        "is_verified": false
      },
      {
        "type": "Hex High Entropy String",
        "filename": "tests/vectors_test.py",
        "hashed_secret": "aa65e358f7e3bade8f8c70ebb65c4e1213548ebf",
        "is_verified": false
      },
      {
        "type": "Hex High Entropy String",
        "filename": "tests/vectors_test.py",
        "hashed_secret": "384db16f6742203739cf58fabb9d2f5c7ba0cf7e",
        "is_verified": false
      },
      {
        "type": "Hex High Entropy String",
        "filename": "tests/vectors_test.py",
        "hashed_secret": "6e361f4274d9319e7ab9d1babb0471fd8761558b",
        "is_verified": false
      },
      {
        "type": "Hex High Entropy String",
        "filename": "tests/vectors_test.py",
        "hashed_secret": "dd6693b80d9f651d12c230a5010662dd3bdad27f",
        "is_verified": false
      },
      {
        "type": "Hex High Entropy String",
        "filename": "tests/vectors_test.py",
        "hashed_secret": "e0695fbefb032d29da1b27ca5e60d491da90d9be",
        "is_verified": false
      },
      {
        "type": "Hex High Entropy String",
        "filename": "tests/vectors_test.py",
        "hashed_secret": "26131481b2709149bba07642c17d01f6378bfbfc",
        "is_verified": false
      },
      {
        "type": "Hex High Entropy String",
        "filename": "tests/vectors_test.py",
        "hashed_secret": "03dbd93b55842a7b033cb934813ae11379d6faf2",
        "is_verified": false
      },
      {
        "type": "Hex High Entropy String",
        "filename": "tests/vectors_test.py",
        "hashed_secret": "31c231f8e763ab5a34608608d7a52a60339c568f",
        "is_verified": false
      },
      {
        "type": "Hex High Entropy String",
        "filename": "tests/vectors_test.py",
        "hashed_secret": "2c845e0670d06884e3a4bc525e54b66c9aeaaf5b",
        "is_verified": false
      },
      {
        "type": "Hex High Entropy String",
        "filename": "tests/vectors_test.py",
        "hashed_secret": "9ee44d82a5e91d2c4c2d93627bd99fbdece5f299",
        "is_verified": false
      },
      {
        "type": "Hex High Entropy String",
        "filename": "tests/vectors_test.py",
        "hashed_secret": "1d70872ffa7a153f6bf02edca1ef991591e08985",
        "is_verified": false
      },
      {
        "type": "Hex High Entropy String",
        "filename": "tests/vectors_test.py",
        "hashed_secret": "31e1f86953a621f48981131948da0979870081d6",
        "is_verified": false
      },
      {
        "type": "Hex High Entropy String",
        "filename": "tests/vectors_test.py",
        "hashed_secret": "49b67383483e12a6ab9eb390b4cfe132a7aafb6b",
        "is_verified": false
      },
      {
        "type": "Hex High Entropy String",
        "filename": "tests/vectors_test.py",
        "hashed_secret": "090d7c173b78d9ee5040713027f094cbbca135fe",
        "is_verified": false
      },
      {
        "type": "Hex High Entropy String",
        "filename": "tests/vectors_test.py",
        "hashed_secret": "3b7815c85c3ef1703e212bc5fdbd51c0d12a32bc",
        "is_verified": false
      },
      {
        "type": "Hex High Entropy String",
        "filename": "tests/vectors_test.py",
        "hashed_secret": "a85ea71e4f48611a458610b02960cc888dacd677",
        "is_verified": false
      },
      {
        "type": "Hex High Entropy String",
        "filename": "tests/vectors_test.py",
        "hashed_secret": "e8eec9f345d229906b69a4ca9eb3e1e81aa8572a",
        "is_verified": false
      },
      {
        "type": "Hex High Entropy String",
        "filename": "tests/vectors_test.py",
        "hashed_secret": "65363a8f3973eacf44b9741cbd1dc35ceda971c9",
        "is_verified": false
      },
      {
        "type": "Hex High Entropy String",
        "filename": "tests/vectors_test.py",
        "hashed_secret": "8f5f5625327dc73e4c9097424402189dac923ed9",
        "is_verified": false
      },
      {
        "type": "Hex High Entropy String",
        "filename": "tests/vectors_test.py",
        "hashed_secret": "c302522e939ac8632ab8ca56a11295904cd062f3",
        "is_verified": false
      },
      {
        "type": "Hex High Entropy String",
        "filename": "tests/vectors_test.py",
        "hashed_secret": "2945319119dbdc9bc9cbfe74e4a69a5c8cd6f959",
        "is_verified": false
      },
      {
        "type": "Hex High Entropy String",
        "filename": "tests/vectors_test.py",
        "hashed_secret": "fdd6e3e0e2dfb37b613e876af896a0c4d4d040da",
        "is_verified": false
      },
      {
        "type": "Hex High Entropy String",
        "filename": "tests/vectors_test.py",
        "hashed_secret": "f1bbf93d9634a52f5576abc94ab027be39f979dd",
        "is_verified": false
      },
      {
        "type": "Hex High Entropy String",
        "filename": "tests/vectors_test.py",
        "hashed_secret": "f81513f672ebaa9ca567452ff82ec025a11f0da4",
        "is_verified": false
      },
      {
        "type": "Hex High Entropy String",
        "filename": "tests/vectors_test.py",
        "hashed_secret": "d0def4f1524dff92a078bdc969a3cfc338caf410",
        "is_verified": false
      },
      {
        "type": "Hex High Entropy String",
        "filename": "tests/vectors_test.py",
        "hashed_secret": "0231d195e28ec23d6f4d888b3ce2c3cdef68e59d",
        "is_verified": false
      },
      {
        "type": "Hex High Entropy String",
        "filename": "tests/vectors_test.py",
        "hashed_secret": "6db637a61fe0acf8e143d6267a5690682148c610",
        "is_verified": false
      },
      {
        "type": "Hex High Entropy String",
        "filename": "tests/vectors_test.py",
        "hashed_secret": "9b6086d959d29b4ed4e788286ebbfaf788ce5ee5",
        "is_verified": false
      },
      {
        "type": "Hex High Entropy String",
        "filename": "tests/vectors_test.py",
        "hashed_secret": "3406484aac38e1cf0ada765f60f256ab8a45e9ec",
        "is_verified": false
      },
      {
        "type": "Hex High Entropy String",
        "filename": "tests/vectors_test.py",
        "hashed_secret": "936e0e7813ac74d8007e7e526eb0278549e5a007",
        "is_verified": false
      },
      {
        "type": "Hex High Entropy String",
        "filename": "tests/vectors_test.py",
        "hashed_secret": "37dc5120ace5eb42b17ba52543fe597f1adb1863",
        "is_verified": false
      },
      {
        "type": "Hex High Entropy String",
        "filename": "tests/vectors_test.py",
        "hashed_secret": "bf1bfdb3d89f6d3e015c0b5469ef8b2e14b2817f",
        "is_verified": false
      },
      {
        "type": "Hex High Entropy String",
        "filename": "tests/vectors_test.py",
        "hashed_secret": "d276e19ace3bf016ea3e19cf949fbf0163848c00",
        "is_verified": false
      },
      {
        "type": "Hex High Entropy String",
        "filename": "tests/vectors_test.py",
        "hashed_secret": "4122da7efb38337ddd68ecab0452151f4ab993b7",
        "is_verified": false
      }
    ],
    "tests/vendored_vectors_test.py": [
      {
        "type": "Hex High Entropy String",
        "filename": "tests/vendored_vectors_test.py",
        "hashed_secret": "f1df57d80af957b1128ece605ed3686a77192458",
        "is_verified": false
      },
      {
        "type": "Hex High Entropy String",
        "filename": "tests/vendored_vectors_test.py",
        "hashed_secret": "94a982251624dce73673c3c2a9fd06dace18d7df",
        "is_verified": false
      }
    ],
    "tests/zkp_ecdsa_s2c_test.py": [
      {
        "type": "Hex High Entropy String",
        "filename": "tests/zkp_ecdsa_s2c_test.py",
        "hashed_secret": "4671d484e6def46b01008ab14a2d377468ee56b9",
        "is_verified": false
      },
      {
        "type": "Hex High Entropy String",
        "filename": "tests/zkp_ecdsa_s2c_test.py",
        "hashed_secret": "7cc1e8a319896378e2e4f3d50cbae7748e75b8a2",
        "is_verified": false
      },
      {
        "type": "Hex High Entropy String",
        "filename": "tests/zkp_ecdsa_s2c_test.py",
        "hashed_secret": "74f9e756001372b888e366ca11e723f32284d77d",
        "is_verified": false
      },
      {
        "type": "Hex High Entropy String",
        "filename": "tests/zkp_ecdsa_s2c_test.py",
        "hashed_secret": "5cf647edaaf0446ee1819abcd77285686d5fe489",
        "is_verified": false
      },
      {
        "type": "Hex High Entropy String",
        "filename": "tests/zkp_ecdsa_s2c_test.py",
        "hashed_secret": "974bed93e5d0cf3c5859458855033f1ffbc09d88",
        "is_verified": false
      },
      {
        "type": "Hex High Entropy String",
        "filename": "tests/zkp_ecdsa_s2c_test.py",
        "hashed_secret": "b6f5feed2ef15cd2a199875ac4fc663170364568",
        "is_verified": false
      }
    ],
    "tests/zkp_generator_vectors_test.py": [
      {
        "type": "Hex High Entropy String",
        "filename": "tests/zkp_generator_vectors_test.py",
        "hashed_secret": "162e6abed1b845d2877fa3435059a3df488b8e23",
        "is_verified": false
      },
      {
        "type": "Hex High Entropy String",
        "filename": "tests/zkp_generator_vectors_test.py",
        "hashed_secret": "f7fcc3511569c83f8ffa83670a1e5668e9fe675a",
        "is_verified": false
      }
    ],
    "tests/zkp_rangeproof_vectors_test.py": [
      {
        "type": "Hex High Entropy String",
        "filename": "tests/zkp_rangeproof_vectors_test.py",
        "hashed_secret": "7dc4b3078ac7d30e12f519fef8f039fb4c41115b",
        "is_verified": false
      },
      {
        "type": "Hex High Entropy String",
        "filename": "tests/zkp_rangeproof_vectors_test.py",
        "hashed_secret": "23d4006896a6ba43a657dbfe6bfac984eff8b418",
        "is_verified": false
      },
      {
        "type": "Hex High Entropy String",
        "filename": "tests/zkp_rangeproof_vectors_test.py",
        "hashed_secret": "178a071d8a07068e7a1a6ca9f71d12c9795dec75",
        "is_verified": false
      },
      {
        "type": "Hex High Entropy String",
        "filename": "tests/zkp_rangeproof_vectors_test.py",
        "hashed_secret": "604e22a65abf42b91581138bbec76bd6ace59c7a",
        "is_verified": false
      },
      {
        "type": "Hex High Entropy String",
        "filename": "tests/zkp_rangeproof_vectors_test.py",
        "hashed_secret": "95da7ab9fd0b417b074b5137dba38ea817172240",
        "is_verified": false
      },
      {
        "type": "Hex High Entropy String",
        "filename": "tests/zkp_rangeproof_vectors_test.py",
        "hashed_secret": "9de37441cdb417240ceb6fca6d2bb9909bea8079",
        "is_verified": false
      },
      {
        "type": "Hex High Entropy String",
        "filename": "tests/zkp_rangeproof_vectors_test.py",
        "hashed_secret": "bcf86b5666dba01522eda4cfdd94576a7fbd9c56",
        "is_verified": false
      },
      {
        "type": "Hex High Entropy String",
        "filename": "tests/zkp_rangeproof_vectors_test.py",
        "hashed_secret": "c31ddf8516b9ab72095408d02ca3f272be9c1d8d",
        "is_verified": false
      },
      {
        "type": "Hex High Entropy String",
        "filename": "tests/zkp_rangeproof_vectors_test.py",
        "hashed_secret": "5a2a90abf745915d03fbcf6654d97109d8cc6913",
        "is_verified": false
      },
      {
        "type": "Hex High Entropy String",
        "filename": "tests/zkp_rangeproof_vectors_test.py",
        "hashed_secret": "dfe9759596c22add54d99181c92d3b35c061fcf4",
        "is_verified": false
      },
      {
        "type": "Hex High Entropy String",
        "filename": "tests/zkp_rangeproof_vectors_test.py",
        "hashed_secret": "073447aeb2104e8d5bc232bc43eb0560f0f9d5e5",
        "is_verified": false
      },
      {
        "type": "Hex High Entropy String",
        "filename": "tests/zkp_rangeproof_vectors_test.py",
        "hashed_secret": "7010a9334729df443189568f5171fd8cb26f7848",
        "is_verified": false
      },
      {
        "type": "Hex High Entropy String",
        "filename": "tests/zkp_rangeproof_vectors_test.py",
        "hashed_secret": "a641bb892cbef9744e6b71375ea458d401e5669a",
        "is_verified": false
      },
      {
        "type": "Hex High Entropy String",
        "filename": "tests/zkp_rangeproof_vectors_test.py",
        "hashed_secret": "25e00304a4e66e8ee8886ddb13fcf2e79415dcfa",
        "is_verified": false
      },
      {
        "type": "Hex High Entropy String",
        "filename": "tests/zkp_rangeproof_vectors_test.py",
        "hashed_secret": "a80dcf685baa9393ddb79c91e0702a4661298696",
        "is_verified": false
      },
      {
        "type": "Hex High Entropy String",
        "filename": "tests/zkp_rangeproof_vectors_test.py",
        "hashed_secret": "fe2a97a4b6355fcb83dbe3e91da65a4cb7bbc03a",
        "is_verified": false
      },
      {
        "type": "Hex High Entropy String",
        "filename": "tests/zkp_rangeproof_vectors_test.py",
        "hashed_secret": "ca9da0d58f8c7e86c283883553ae6e7e2263c912",
        "is_verified": false
      },
      {
        "type": "Hex High Entropy String",
        "filename": "tests/zkp_rangeproof_vectors_test.py",
        "hashed_secret": "d4f98cc0f0e89200e5124f597ed155b20fa970f0",
        "is_verified": false
      },
      {
        "type": "Hex High Entropy String",
        "filename": "tests/zkp_rangeproof_vectors_test.py",
        "hashed_secret": "d5c7f3cfba1771672ba5224136f02f29b952c129",
        "is_verified": false
      },
      {
        "type": "Hex High Entropy String",
        "filename": "tests/zkp_rangeproof_vectors_test.py",
        "hashed_secret": "708324941a7e1986b2000beb6a76bf713c939712",
        "is_verified": false
      },
      {
        "type": "Hex High Entropy String",
        "filename": "tests/zkp_rangeproof_vectors_test.py",
        "hashed_secret": "2c300ead89538d7153bfcdac7109d2ed778e45c2",
        "is_verified": false
      },
      {
        "type": "Hex High Entropy String",
        "filename": "tests/zkp_rangeproof_vectors_test.py",
        "hashed_secret": "ac97ae53692a099f3ee0ecf5d45f4eff672d287d",
        "is_verified": false
      },
      {
        "type": "Hex High Entropy String",
        "filename": "tests/zkp_rangeproof_vectors_test.py",
        "hashed_secret": "42c260f3169545afbf71eb1c6f987110730da74f",
        "is_verified": false
      },
      {
        "type": "Hex High Entropy String",
        "filename": "tests/zkp_rangeproof_vectors_test.py",
        "hashed_secret": "fd465887047a6ec155b2aaaa9f7932c664ad83e6",
        "is_verified": false
      },
      {
        "type": "Hex High Entropy String",
        "filename": "tests/zkp_rangeproof_vectors_test.py",
        "hashed_secret": "f7226210bf37070d6864db7bf901d98a0f76ea2a",
        "is_verified": false
      },
      {
        "type": "Hex High Entropy String",
        "filename": "tests/zkp_rangeproof_vectors_test.py",
        "hashed_secret": "122e35d1660288b98de94370b258070deb4b4387",
        "is_verified": false
      },
      {
        "type": "Hex High Entropy String",
        "filename": "tests/zkp_rangeproof_vectors_test.py",
        "hashed_secret": "c7b1a11dd1db0991ef480ab49938ecf195932be9",
        "is_verified": false
      },
      {
        "type": "Hex High Entropy String",
        "filename": "tests/zkp_rangeproof_vectors_test.py",
        "hashed_secret": "49247bd6122bcaf96d12b4a8ef79c5acf78f0430",
        "is_verified": false
      },
      {
        "type": "Hex High Entropy String",
        "filename": "tests/zkp_rangeproof_vectors_test.py",
        "hashed_secret": "796746a68d4da1e8b05a9a261b0c37d39d09b556",
        "is_verified": false
      },
      {
        "type": "Hex High Entropy String",
        "filename": "tests/zkp_rangeproof_vectors_test.py",
        "hashed_secret": "2df748d20e2069b972b47c6885cdada248614efd",
        "is_verified": false
      },
      {
        "type": "Hex High Entropy String",
        "filename": "tests/zkp_rangeproof_vectors_test.py",
        "hashed_secret": "7f2178d75f27c29abd7cccc04e355e63b7a724bb",
        "is_verified": false
      },
      {
        "type": "Hex High Entropy String",
        "filename": "tests/zkp_rangeproof_vectors_test.py",
        "hashed_secret": "d9ac99623a43152411b969a63c93296d88ba18f2",
        "is_verified": false
      },
      {
        "type": "Hex High Entropy String",
        "filename": "tests/zkp_rangeproof_vectors_test.py",
        "hashed_secret": "f322d1e1652f829cb02c5f61cdca706ccf34d2f0",
        "is_verified": false
      },
      {
        "type": "Hex High Entropy String",
        "filename": "tests/zkp_rangeproof_vectors_test.py",
        "hashed_secret": "fb78c0d85bf7e30a931106230863b94856ae4fdb",
        "is_verified": false
      },
      {
        "type": "Hex High Entropy String",
        "filename": "tests/zkp_rangeproof_vectors_test.py",
        "hashed_secret": "fcac68b8eb2c247e85f53830368c42bab12fb6d5",
        "is_verified": false
      },
      {
        "type": "Hex High Entropy String",
        "filename": "tests/zkp_rangeproof_vectors_test.py",
        "hashed_secret": "4a92177b6aec06c76b8adb09e1e1f3beebc49526",
        "is_verified": false
      },
      {
        "type": "Hex High Entropy String",
        "filename": "tests/zkp_rangeproof_vectors_test.py",
        "hashed_secret": "abbce9b8ffccfc54a9040cc6fee60cd58fdeda91",
        "is_verified": false
      },
      {
        "type": "Hex High Entropy String",
        "filename": "tests/zkp_rangeproof_vectors_test.py",
        "hashed_secret": "785601676370cd188679ef8cf518629769a2957f",
        "is_verified": false
      },
      {
        "type": "Hex High Entropy String",
        "filename": "tests/zkp_rangeproof_vectors_test.py",
        "hashed_secret": "8aebcef5bcedf6da057c1dbea04bdabb020f0847",
        "is_verified": false
      },
      {
        "type": "Hex High Entropy String",
        "filename": "tests/zkp_rangeproof_vectors_test.py",
        "hashed_secret": "67c35ffd243fc195a562587c22df0e8fa763a4d7",
        "is_verified": false
      },
      {
        "type": "Hex High Entropy String",
        "filename": "tests/zkp_rangeproof_vectors_test.py",
        "hashed_secret": "bb8894796d6bf06c599b0c1fea155b4b1d2bedec",
        "is_verified": false
      },
      {
        "type": "Hex High Entropy String",
        "filename": "tests/zkp_rangeproof_vectors_test.py",
        "hashed_secret": "bcdb8bb7a56c37bad6af6199a4c46b414cfdade3",
        "is_verified": false
      }
    ]
  }
}
